I'm sorry, but errors were detected in your script. Please correct the
errors listed below, and try again.


File "game/screens.rpy", line 674: python block expects a non-empty block.
    python:
           ^

Ren'Py Version: Ren'Py 6.99.10.1227
